// Jest Snapshot v1, https://goo.gl/fbAQLP

exports[`Componete bot√≥n Es igual a la snapshot del componente 1`] = `
<button>
  Conectarse
</button>
`;
